
Memory Configuration

Name             Origin             Length             Attributes
*default*        0x0000000000000000 0xffffffffffffffff

Linker script and memory map

                0x0000000000100000                phys = 0x100000

.text           0x0000000000100000     0x2000
                0x0000000000100000                code = .
 *(.text)
 .text          0x0000000000100000       0x89 main.o
                0x0000000000100000                main
 *fill*         0x0000000000100089        0x7 
 .text          0x0000000000100090      0x20f start.o
                0x0000000000100090                start
                0x00000000001000bf                gdt_flush
                0x00000000001000dc                idt_load
                0x00000000001000e4                isr0
                0x00000000001000ee                isr1
                0x00000000001000f8                isr2
                0x0000000000100102                isr3
                0x000000000010010c                isr4
                0x0000000000100116                isr5
                0x0000000000100120                isr6
                0x000000000010012a                isr7
                0x0000000000100134                isr8
                0x000000000010013c                isr9
                0x0000000000100146                isr10
                0x000000000010014e                isr11
                0x0000000000100156                isr12
                0x000000000010015e                isr13
                0x0000000000100163                isr14
                0x0000000000100168                isr15
                0x000000000010016f                isr16
                0x0000000000100176                isr17
                0x000000000010017d                isr18
                0x0000000000100184                isr19
                0x000000000010018b                isr20
                0x0000000000100192                isr21
                0x0000000000100199                isr22
                0x00000000001001a0                isr23
                0x00000000001001a7                isr24
                0x00000000001001ae                isr25
                0x00000000001001b5                isr26
                0x00000000001001bc                isr27
                0x00000000001001c3                isr28
                0x00000000001001ca                isr29
                0x00000000001001d1                isr30
                0x00000000001001d8                isr31
                0x0000000000100206                irq0
                0x000000000010020d                irq1
                0x0000000000100214                irq2
                0x000000000010021b                irq3
                0x0000000000100222                irq4
                0x0000000000100229                irq5
                0x0000000000100230                irq6
                0x0000000000100237                irq7
                0x000000000010023e                irq8
                0x0000000000100245                irq9
                0x000000000010024c                irq10
                0x0000000000100253                irq11
                0x000000000010025a                irq12
                0x0000000000100261                irq13
                0x0000000000100268                irq14
                0x000000000010026f                irq15
 .text          0x000000000010029f       0xb4 ./include/gdt.o
                0x000000000010029f                gdt_set_gate(int, unsigned long, unsigned long, unsigned char, unsigned char)
                0x00000000001002f5                gdt_install()
 .text          0x0000000000100353       0x6f ./include/idt.o
                0x0000000000100353                idt_set_gate(unsigned char, unsigned long, unsigned short, unsigned char)
                0x000000000010038f                idt_install()
 .text          0x00000000001003c2      0x25c ./include/irq.o
                0x00000000001003c2                irq_install_handler(int, void (*)(regs*))
                0x00000000001003d2                irq_uninstall_handler(int)
                0x00000000001003e2                irq_remap()
                0x000000000010046d                irq_install()
                0x00000000001005d6                irq_handler
 .text          0x000000000010061e      0x2f7 ./include/isrs.o
                0x000000000010061e                isrs_install()
                0x00000000001008e2                fault_handler
 .text          0x0000000000100915      0x335 ./include/kbdfn.o
                0x0000000000100915                toggle_caps()
                0x0000000000100924                toggle_l_shift()
                0x0000000000100933                toggle_l_ctrl()
                0x0000000000100942                toggle_l_alt()
                0x0000000000100951                toggle_r_shift()
                0x0000000000100960                toggle_r_ctrl()
                0x000000000010096f                toggle_r_alt()
                0x000000000010097e                match(char*, int)
                0x00000000001009c7                s_putch(char)
 .text          0x0000000000100c4a      0x169 ./include/kb.o
                0x0000000000100c4a                keyboard_handler(regs*)
                0x0000000000100da0                keyboard_install()
 .text          0x0000000000100db3       0x8f ./include/memfn.o
                0x0000000000100db3                memcpy(void*, void const*, int)
                0x0000000000100dd8                memset(void*, char, int)
                0x0000000000100df7                memsetw(unsigned short*, unsigned short, int)
                0x0000000000100e16                strlen(char const*)
                0x0000000000100e32                inportb(unsigned short)
                0x0000000000100e38                outportb(unsigned short, unsigned char)
 .text          0x0000000000100e42      0x28b ./include/print.o
                0x0000000000100e42                print(int)
                0x0000000000100eb6                print(unsigned int)
                0x0000000000100f02                print(long)
                0x0000000000100f76                print(float)
                0x0000000000100ff1                print(double)
                0x0000000000101096                print(char const*)
 .text          0x00000000001010cd      0x38e ./include/rtc.o
                0x00000000001010cd                print_Time(Time)
                0x000000000010115b                is_leap_year(unsigned int)
                0x0000000000101178                add_Time(Time*, Time*)
                0x00000000001012a4                get_update_in_progress_flag()
                0x00000000001012c6                get_RTC_register(int)
                0x00000000001012e6                read_rtc()
 .text          0x000000000010145b      0x2e9 ./include/scrn.o
                0x000000000010145b                scroll()
                0x00000000001014ce                move_csr()
                0x0000000000101525                cls()
                0x0000000000101582                putch(unsigned char)
                0x0000000000101687                settextcolor(unsigned char, unsigned char)
                0x000000000010169e                arrow_keys(char)
                0x000000000010172e                init_video()
 .text          0x0000000000101744       0x2c ./include/timer.o
                0x0000000000101744                timer_handler(regs*)
                0x000000000010174b                timer_wait(int)
                0x000000000010175d                timer_install()
 *(.rodata)
 .rodata        0x0000000000101770       0xdc ./include/kbdfn.o
 .rodata        0x000000000010184c       0xd0 ./include/kb.o
 .rodata        0x000000000010191c       0x40 ./include/rtc.o
                0x0000000000102000                . = ALIGN (0x1000)
 *fill*         0x000000000010195c      0x6a4 

.rodata.str1.1  0x0000000000102000      0x19c
 .rodata.str1.1
                0x0000000000102000       0x1f main.o
 .rodata.str1.1
                0x000000000010201f      0x158 ./include/isrs.o
 .rodata.str1.1
                0x0000000000102177       0x1f ./include/kbdfn.o
 .rodata.str1.1
                0x0000000000102196        0x6 ./include/rtc.o

.rodata.str1.4  0x000000000010219c      0x145
 .rodata.str1.4
                0x000000000010219c       0x6d main.o
 *fill*         0x0000000000102209        0x3 
 .rodata.str1.4
                0x000000000010220c       0xd5 ./include/kbdfn.o

.eh_frame       0x00000000001022e4      0xbc8
 .eh_frame      0x00000000001022e4       0x44 main.o
 .eh_frame      0x0000000000102328       0x80 ./include/gdt.o
 .eh_frame      0x00000000001023a8       0x50 ./include/idt.o
 .eh_frame      0x00000000001023f8      0x1f4 ./include/irq.o
 .eh_frame      0x00000000001025ec      0x22c ./include/isrs.o
 .eh_frame      0x0000000000102818      0x144 ./include/kbdfn.o
 .eh_frame      0x000000000010295c       0x88 ./include/kb.o
 .eh_frame      0x00000000001029e4       0xa8 ./include/memfn.o
 .eh_frame      0x0000000000102a8c      0x150 ./include/print.o
 .eh_frame      0x0000000000102bdc      0x128 ./include/rtc.o
 .eh_frame      0x0000000000102d04      0x148 ./include/scrn.o
 .eh_frame      0x0000000000102e4c       0x60 ./include/timer.o

.rodata.cst4    0x0000000000102eac        0x8
 .rodata.cst4   0x0000000000102eac        0x8 ./include/print.o

.data           0x0000000000102ec0      0x140
                0x0000000000102ec0                data = .
 *(.data)
 .data          0x0000000000102ec0        0x0 main.o
 .data          0x0000000000102ec0        0x0 ./include/gdt.o
 .data          0x0000000000102ec0        0x0 ./include/idt.o
 .data          0x0000000000102ec0        0x0 ./include/irq.o
 .data          0x0000000000102ec0       0x80 ./include/isrs.o
                0x0000000000102ec0                exception_messages
 .data          0x0000000000102f40        0x0 ./include/kbdfn.o
 .data          0x0000000000102f40       0x80 ./include/kb.o
                0x0000000000102f40                kbdus
 .data          0x0000000000102fc0        0x0 ./include/memfn.o
 .data          0x0000000000102fc0        0x0 ./include/print.o
 .data          0x0000000000102fc0        0x0 ./include/rtc.o
 .data          0x0000000000102fc0        0x4 ./include/scrn.o
                0x0000000000102fc0                attrib
 .data          0x0000000000102fc4        0x0 ./include/timer.o
                0x0000000000103000                . = ALIGN (0x1000)
 *fill*         0x0000000000102fc4       0x3c 

.bss            0x0000000000103000     0x3000
                0x0000000000103000                bss = .
 *(.bss)
 .bss           0x0000000000103000        0x0 main.o
 .bss           0x0000000000103000     0x2000 start.o
 .bss           0x0000000000105000       0x20 ./include/gdt.o
                0x0000000000105000                gp
                0x0000000000105008                gdt
 .bss           0x0000000000105020      0x820 ./include/idt.o
                0x0000000000105020                idtp
                0x0000000000105040                idt
 .bss           0x0000000000105840       0x40 ./include/irq.o
                0x0000000000105840                irq_routines
 .bss           0x0000000000105880        0x0 ./include/isrs.o
 .bss           0x0000000000105880       0x84 ./include/kbdfn.o
                0x0000000000105880                spkeys
                0x000000000010588c                ccount
                0x00000000001058a0                rando
 .bss           0x0000000000105904        0x2 ./include/kb.o
 .bss           0x0000000000105906        0x0 ./include/memfn.o
 .bss           0x0000000000105906        0x0 ./include/print.o
 .bss           0x0000000000105906        0x0 ./include/rtc.o
 *fill*         0x0000000000105906        0x2 
 .bss           0x0000000000105908        0xc ./include/scrn.o
                0x0000000000105908                csr_y
                0x000000000010590c                csr_x
                0x0000000000105910                textmemptr
 .bss           0x0000000000105914        0x4 ./include/timer.o
                0x0000000000105914                timer_ticks
                0x0000000000106000                . = ALIGN (0x1000)
 *fill*         0x0000000000105918      0x6e8 
                0x0000000000106000                end = .
LOAD main.o
LOAD start.o
LOAD ./include/gdt.o
LOAD ./include/idt.o
LOAD ./include/irq.o
LOAD ./include/isrs.o
LOAD ./include/kbdfn.o
LOAD ./include/kb.o
LOAD ./include/memfn.o
LOAD ./include/print.o
LOAD ./include/rtc.o
LOAD ./include/scrn.o
LOAD ./include/timer.o
OUTPUT(kernel binary)

.debug_info     0x0000000000000000     0x1fd2
 .debug_info    0x0000000000000000      0x1b3 main.o
 .debug_info    0x00000000000001b3      0x1a4 ./include/gdt.o
 .debug_info    0x0000000000000357      0x1b0 ./include/idt.o
 .debug_info    0x0000000000000507      0x385 ./include/irq.o
 .debug_info    0x000000000000088c      0x317 ./include/isrs.o
 .debug_info    0x0000000000000ba3      0x3b9 ./include/kbdfn.o
 .debug_info    0x0000000000000f5c      0x339 ./include/kb.o
 .debug_info    0x0000000000001295      0x265 ./include/memfn.o
 .debug_info    0x00000000000014fa      0x27d ./include/print.o
 .debug_info    0x0000000000001777      0x371 ./include/rtc.o
 .debug_info    0x0000000000001ae8      0x2fc ./include/scrn.o
 .debug_info    0x0000000000001de4      0x1ee ./include/timer.o

.debug_abbrev   0x0000000000000000      0xca5
 .debug_abbrev  0x0000000000000000       0xdb main.o
 .debug_abbrev  0x00000000000000db       0xbf ./include/gdt.o
 .debug_abbrev  0x000000000000019a      0x10f ./include/idt.o
 .debug_abbrev  0x00000000000002a9      0x11e ./include/irq.o
 .debug_abbrev  0x00000000000003c7      0x101 ./include/isrs.o
 .debug_abbrev  0x00000000000004c8      0x1a0 ./include/kbdfn.o
 .debug_abbrev  0x0000000000000668      0x114 ./include/kb.o
 .debug_abbrev  0x000000000000077c       0xf9 ./include/memfn.o
 .debug_abbrev  0x0000000000000875       0xf8 ./include/print.o
 .debug_abbrev  0x000000000000096d      0x13f ./include/rtc.o
 .debug_abbrev  0x0000000000000aac      0x10e ./include/scrn.o
 .debug_abbrev  0x0000000000000bba       0xeb ./include/timer.o

.debug_aranges  0x0000000000000000      0x180
 .debug_aranges
                0x0000000000000000       0x20 main.o
 .debug_aranges
                0x0000000000000020       0x20 ./include/gdt.o
 .debug_aranges
                0x0000000000000040       0x20 ./include/idt.o
 .debug_aranges
                0x0000000000000060       0x20 ./include/irq.o
 .debug_aranges
                0x0000000000000080       0x20 ./include/isrs.o
 .debug_aranges
                0x00000000000000a0       0x20 ./include/kbdfn.o
 .debug_aranges
                0x00000000000000c0       0x20 ./include/kb.o
 .debug_aranges
                0x00000000000000e0       0x20 ./include/memfn.o
 .debug_aranges
                0x0000000000000100       0x20 ./include/print.o
 .debug_aranges
                0x0000000000000120       0x20 ./include/rtc.o
 .debug_aranges
                0x0000000000000140       0x20 ./include/scrn.o
 .debug_aranges
                0x0000000000000160       0x20 ./include/timer.o

.debug_line     0x0000000000000000      0x68b
 .debug_line    0x0000000000000000       0x60 main.o
 .debug_line    0x0000000000000060       0x51 ./include/gdt.o
 .debug_line    0x00000000000000b1       0x57 ./include/idt.o
 .debug_line    0x0000000000000108       0x8a ./include/irq.o
 .debug_line    0x0000000000000192       0x99 ./include/isrs.o
 .debug_line    0x000000000000022b       0xd2 ./include/kbdfn.o
 .debug_line    0x00000000000002fd       0x7a ./include/kb.o
 .debug_line    0x0000000000000377       0x78 ./include/memfn.o
 .debug_line    0x00000000000003ef       0xac ./include/print.o
 .debug_line    0x000000000000049b       0xc0 ./include/rtc.o
 .debug_line    0x000000000000055b       0xda ./include/scrn.o
 .debug_line    0x0000000000000635       0x56 ./include/timer.o

.debug_str      0x0000000000000000     0x1738
 .debug_str     0x0000000000000000      0x200 main.o
 .debug_str     0x0000000000000200      0x1a0 ./include/gdt.o
 .debug_str     0x00000000000003a0      0x1a1 ./include/idt.o
 .debug_str     0x0000000000000541      0x213 ./include/irq.o
 .debug_str     0x0000000000000754      0x196 ./include/isrs.o
 .debug_str     0x00000000000008ea      0x27f ./include/kbdfn.o
 .debug_str     0x0000000000000b69      0x2d2 ./include/kb.o
 .debug_str     0x0000000000000e3b      0x190 ./include/memfn.o
 .debug_str     0x0000000000000fcb      0x161 ./include/print.o
 .debug_str     0x000000000000112c      0x262 ./include/rtc.o
 .debug_str     0x000000000000138e      0x208 ./include/scrn.o
 .debug_str     0x0000000000001596      0x1a2 ./include/timer.o

.comment        0x0000000000000000      0x1c8
 .comment       0x0000000000000000       0x26 main.o
 .comment       0x0000000000000026       0x26 ./include/gdt.o
 .comment       0x000000000000004c       0x26 ./include/idt.o
 .comment       0x0000000000000072       0x26 ./include/irq.o
 .comment       0x0000000000000098       0x26 ./include/isrs.o
 .comment       0x00000000000000be       0x26 ./include/kbdfn.o
 .comment       0x00000000000000e4       0x26 ./include/kb.o
 .comment       0x000000000000010a       0x26 ./include/memfn.o
 .comment       0x0000000000000130       0x26 ./include/print.o
 .comment       0x0000000000000156       0x26 ./include/rtc.o
 .comment       0x000000000000017c       0x26 ./include/scrn.o
 .comment       0x00000000000001a2       0x26 ./include/timer.o

.note.GNU-stack
                0x0000000000000000        0x0
 .note.GNU-stack
                0x0000000000000000        0x0 main.o
 .note.GNU-stack
                0x0000000000000000        0x0 ./include/gdt.o
 .note.GNU-stack
                0x0000000000000000        0x0 ./include/idt.o
 .note.GNU-stack
                0x0000000000000000        0x0 ./include/irq.o
 .note.GNU-stack
                0x0000000000000000        0x0 ./include/isrs.o
 .note.GNU-stack
                0x0000000000000000        0x0 ./include/kbdfn.o
 .note.GNU-stack
                0x0000000000000000        0x0 ./include/kb.o
 .note.GNU-stack
                0x0000000000000000        0x0 ./include/memfn.o
 .note.GNU-stack
                0x0000000000000000        0x0 ./include/print.o
 .note.GNU-stack
                0x0000000000000000        0x0 ./include/rtc.o
 .note.GNU-stack
                0x0000000000000000        0x0 ./include/scrn.o
 .note.GNU-stack
                0x0000000000000000        0x0 ./include/timer.o

.stab           0x0000000000000000      0xc00
 .stab          0x0000000000000000      0xc00 start.o

.stabstr        0x0000000000000000        0xb
 .stabstr       0x0000000000000000        0xb start.o

.debug_loc      0x0000000000000000      0x81c
 .debug_loc     0x0000000000000000       0x13 ./include/irq.o
 .debug_loc     0x0000000000000013      0x1cb ./include/kbdfn.o
 .debug_loc     0x00000000000001de      0x214 ./include/memfn.o
 .debug_loc     0x00000000000003f2      0x1a8 ./include/print.o
 .debug_loc     0x000000000000059a      0x145 ./include/rtc.o
 .debug_loc     0x00000000000006df      0x119 ./include/scrn.o
 .debug_loc     0x00000000000007f8       0x24 ./include/timer.o
